[2025-12-21 18:13:23][STEP] 프로그램 시작
[2025-12-21 18:13:23][STEP] make_driver() 호출 직전
[2025-12-21 18:13:25][STEP] make_driver() 리턴 직후
[2025-12-21 18:13:25][STEP] 로그인 시작
[2025-12-21 18:13:26][INFO] ===== TOPIC START: politics =====
[2025-12-21 18:13:26][STEP] RSS 수집 (politics)
[2025-12-21 18:13:26][INFO] politics: 후보 기사[1/2] = [인터뷰] 서왕진 "국가 미래 위해 정치개혁 필수…극단적 진영 정치 완화해야" - 매일일보
[2025-12-21 18:13:26][STEP] LLM 글 생성 (politics) [article 1]
[2025-12-21 18:13:36][INFO] politics: ✅ 선택된 기사 = [1] [인터뷰] 서왕진 "국가 미래 위해 정치개혁 필수…극단적 진영 정치 완화해야" - 매일일보
[2025-12-21 18:13:36][INFO] politics: 생성된 제목 = 인터뷰
서왕진 "국가 미래 위해 정치개혁 필수…극단적 진영 정치 완화해야"
[2025-12-21 18:13:36][INFO] politics: 본문 미리보기 = ## 핵심 요약 서왕진은 "정치개혁이 국가 미래를 위한 필수적인 단계입니다. 극단적 진영 정치가 완화되어야 합니다.  ## 내용 정리 서왕진은 "정치개혁을 통해 국가의 안정성과 안정성을 높일 수 있습니다.  ## 의미와 관전 포인트 서왕진은 "정치개혁이 국가 미래를 위한 필수적인 단계입니다. 극단적 진영 정치가 완화되어야 합니다.  ## 한 줄 결론 서왕진 ...
[2025-12-21 18:13:36][STEP] SD 이미지 생성 (politics)
[2025-12-21 18:13:46][INFO] [HB] step='SD 이미지 생성 (politics)' elapsed=10s tick=1 url=https://www.tistory.com/auth/login title=TISTORY
[2025-12-21 18:13:56][INFO] [HB] step='SD 이미지 생성 (politics)' elapsed=20s tick=2 url=https://accounts.kakao.com/login/?continue=https%3A%2F%2Fkauth.kakao.com%2Foauth%2Fauthorize%3Fclient_id%3D3e6ddd834b023f24221217e370daed18%26prompt%3Dselect_account%26redirect_uri%3Dhttps%253A%252F%252Fwww.tistory.com%252Fauth%252Fkakao%252Fredirect%26response_type%3Dcode%26auth_tran_id%3D8d9q2fph9p3e6ddd834b023f24221217e370daed18mjfifr5r%26ka%3Dsdk%252F1.43.6%2520os%252Fjavascript%2520sdk_type%252Fjavascript%2520lang%252Fko-KR%2520device%252FWin32%2520origin%252Fhttps%25253A%25252F%25252Fwww.tistory.com%26is_popup%3Dfalse%26through_account%3Dtrue#login title=카카오계정
[2025-12-21 18:14:06][INFO] [HB] step='SD 이미지 생성 (politics)' elapsed=30s tick=3 url=https://www.tistory.com/ title=티스토리
[2025-12-21 18:14:16][INFO] [HB] step='SD 이미지 생성 (politics)' elapsed=40s tick=4 url=https://www.tistory.com/ title=티스토리
[2025-12-21 18:14:26][INFO] [HB] step='SD 이미지 생성 (politics)' elapsed=50s tick=5 url=https://www.tistory.com/ title=티스토리
[2025-12-21 18:14:36][INFO] [HB] step='SD 이미지 생성 (politics)' elapsed=60s tick=6 url=https://www.tistory.com/ title=티스토리
[2025-12-21 18:14:46][INFO] [HB] step='SD 이미지 생성 (politics)' elapsed=70s tick=7 url=https://www.tistory.com/ title=티스토리
[2025-12-21 18:14:56][WARN] politics: SD 이미지 생성 실패(빈 경로) → 이미지 없이 진행
[2025-12-21 18:14:56][STEP] 글쓰기 입력 (politics)
[2025-12-21 18:15:06][INFO] [HB] step='글쓰기 입력 (politics)' elapsed=10s tick=1 url=https://ohmygodit.tistory.com/manage/newpost/?type=post&returnURL=%2Fmanage%2Fposts%2F title=글쓰기
[2025-12-21 18:15:16][INFO] [HB] step='글쓰기 입력 (politics)' elapsed=20s tick=2 url=https://ohmygodit.tistory.com/manage/newpost/?type=post&returnURL=%2Fmanage%2Fposts%2F title=글쓰기
[2025-12-21 18:15:26][INFO] [HB] step='글쓰기 입력 (politics)' elapsed=30s tick=3 url=https://ohmygodit.tistory.com/manage/newpost/?type=post&returnURL=%2Fmanage%2Fposts%2F title=글쓰기
[2025-12-21 18:15:36][INFO] [HB] step='글쓰기 입력 (politics)' elapsed=40s tick=4 url=https://ohmygodit.tistory.com/manage/newpost/?type=post&returnURL=%2Fmanage%2Fposts%2F title=글쓰기
[2025-12-21 18:15:46][INFO] [HB] step='글쓰기 입력 (politics)' elapsed=50s tick=5 url=https://ohmygodit.tistory.com/manage/newpost/?type=post&returnURL=%2Fmanage%2Fposts%2F title=글쓰기
[2025-12-21 18:15:56][INFO] [HB] step='글쓰기 입력 (politics)' elapsed=60s tick=6 url=https://ohmygodit.tistory.com/manage/newpost/?type=post&returnURL=%2Fmanage%2Fposts%2F title=글쓰기
[2025-12-21 18:16:06][INFO] [HB] step='글쓰기 입력 (politics)' elapsed=70s tick=7 url=https://ohmygodit.tistory.com/manage/newpost/?type=post&returnURL=%2Fmanage%2Fposts%2F title=글쓰기
[2025-12-21 18:16:16][INFO] [HB] step='글쓰기 입력 (politics)' elapsed=80s tick=8 url=https://ohmygodit.tistory.com/manage/newpost/?type=post&returnURL=%2Fmanage%2Fposts%2F title=글쓰기
[2025-12-21 18:16:26][INFO] [HB] step='글쓰기 입력 (politics)' elapsed=90s tick=9 url=https://ohmygodit.tistory.com/manage/newpost/?type=post&returnURL=%2Fmanage%2Fposts%2F title=글쓰기
[2025-12-21 18:16:36][INFO] [HB] step='글쓰기 입력 (politics)' elapsed=100s tick=10 url=https://ohmygodit.tistory.com/manage/newpost/?type=post&returnURL=%2Fmanage%2Fposts%2F title=글쓰기
[2025-12-21 18:16:46][INFO] [HB] step='글쓰기 입력 (politics)' elapsed=110s tick=11 url=https://ohmygodit.tistory.com/manage/newpost/?type=post&returnURL=%2Fmanage%2Fposts%2F title=글쓰기
[2025-12-21 18:16:56][INFO] [HB] step='글쓰기 입력 (politics)' elapsed=120s tick=12 url=https://ohmygodit.tistory.com/manage/newpost/?type=post&returnURL=%2Fmanage%2Fposts%2F title=글쓰기
[2025-12-21 18:17:06][INFO] [HB] step='글쓰기 입력 (politics)' elapsed=130s tick=13 url=https://ohmygodit.tistory.com/manage/newpost/?type=post&returnURL=%2Fmanage%2Fposts%2F title=글쓰기
[2025-12-21 18:17:08][STEP] 발행 처리 (politics)
[2025-12-21 18:17:10][INFO] ✅ 완료: politics 1건 발행
[2025-12-21 18:17:10][INFO] ===== TOPIC START: gossip =====
[2025-12-21 18:17:10][STEP] RSS 수집 (gossip)
[2025-12-21 18:17:11][INFO] gossip: 후보 기사[1/2] = ‘AI 아바타’가 나 대신 연애·결혼 미리 해본다면 - 조선일보
[2025-12-21 18:17:11][STEP] LLM 글 생성 (gossip) [article 1]
[2025-12-21 18:17:21][INFO] [HB] step='LLM 글 생성 (gossip) [article 1]' elapsed=10s tick=1 url=https://ohmygodit.tistory.com/manage/posts/ title=블로그관리 | ohmygodit 님의 블로그
[2025-12-21 18:17:24][INFO] gossip: ✅ 선택된 기사 = [1] ‘AI 아바타’가 나 대신 연애·결혼 미리 해본다면 - 조선일보
[2025-12-21 18:17:24][INFO] gossip: 생성된 제목 = AI 아바타가 나 대신 연애·결혼 미리 해본다면
[2025-12-21 18:17:24][INFO] gossip: 본문 미리보기 = ## 핵심 요약 AI 아바타가 나 대신 연애와 결혼을 미리 해본다는 소식이 나왔습니다.  ## 내용 정리 조선일보는 AI 아바타가 나의 연애와 결혼을 미리 해본다는 소식을 알게되었습니다. 이 소식은 나에게 큰 충격을 주고 있습니다.  ## 의미와 관전 포인트 이 소식은 나에게 큰 의미를 지닙니다. 나의 연애와 결혼에 대한 미래를 미리 보는 것은 나에게 큰  ...
[2025-12-21 18:17:24][STEP] SD 이미지 생성 (gossip)
[2025-12-21 18:17:34][INFO] [HB] step='SD 이미지 생성 (gossip)' elapsed=10s tick=1 url=https://ohmygodit.tistory.com/manage/posts/ title=블로그관리 | ohmygodit 님의 블로그
[2025-12-21 18:17:44][INFO] [HB] step='SD 이미지 생성 (gossip)' elapsed=20s tick=2 url=https://ohmygodit.tistory.com/manage/posts/ title=블로그관리 | ohmygodit 님의 블로그
[2025-12-21 18:17:54][INFO] [HB] step='SD 이미지 생성 (gossip)' elapsed=30s tick=3 url=https://ohmygodit.tistory.com/manage/posts/ title=블로그관리 | ohmygodit 님의 블로그
[2025-12-21 18:18:04][INFO] [HB] step='SD 이미지 생성 (gossip)' elapsed=40s tick=4 url=https://ohmygodit.tistory.com/manage/posts/ title=블로그관리 | ohmygodit 님의 블로그
[2025-12-21 18:18:14][INFO] [HB] step='SD 이미지 생성 (gossip)' elapsed=50s tick=5 url=https://ohmygodit.tistory.com/manage/posts/ title=블로그관리 | ohmygodit 님의 블로그
[2025-12-21 18:18:25][INFO] [HB] step='SD 이미지 생성 (gossip)' elapsed=60s tick=6 url=https://ohmygodit.tistory.com/manage/posts/ title=블로그관리 | ohmygodit 님의 블로그
[2025-12-21 18:18:35][INFO] [HB] step='SD 이미지 생성 (gossip)' elapsed=70s tick=7 url=https://ohmygodit.tistory.com/manage/posts/ title=블로그관리 | ohmygodit 님의 블로그
[2025-12-21 18:18:39][WARN] gossip: SD 이미지 생성 실패(빈 경로) → 이미지 없이 진행
[2025-12-21 18:18:39][STEP] 글쓰기 입력 (gossip)
[2025-12-21 18:18:49][INFO] [HB] step='글쓰기 입력 (gossip)' elapsed=10s tick=1 url=https://ohmygodit.tistory.com/manage/newpost/?type=post&returnURL=%2Fmanage%2Fposts%2F title=글쓰기
[2025-12-21 18:18:59][INFO] [HB] step='글쓰기 입력 (gossip)' elapsed=20s tick=2 url=https://ohmygodit.tistory.com/manage/newpost/?type=post&returnURL=%2Fmanage%2Fposts%2F title=글쓰기
[2025-12-21 18:19:09][INFO] [HB] step='글쓰기 입력 (gossip)' elapsed=30s tick=3 url=https://ohmygodit.tistory.com/manage/newpost/?type=post&returnURL=%2Fmanage%2Fposts%2F title=글쓰기
[2025-12-21 18:19:19][INFO] [HB] step='글쓰기 입력 (gossip)' elapsed=40s tick=4 url=https://ohmygodit.tistory.com/manage/newpost/?type=post&returnURL=%2Fmanage%2Fposts%2F title=글쓰기
[2025-12-21 18:19:29][INFO] [HB] step='글쓰기 입력 (gossip)' elapsed=50s tick=5 url=https://ohmygodit.tistory.com/manage/newpost/?type=post&returnURL=%2Fmanage%2Fposts%2F title=글쓰기
[2025-12-21 18:19:39][INFO] [HB] step='글쓰기 입력 (gossip)' elapsed=60s tick=6 url=https://ohmygodit.tistory.com/manage/newpost/?type=post&returnURL=%2Fmanage%2Fposts%2F title=글쓰기
[2025-12-21 18:19:49][INFO] [HB] step='글쓰기 입력 (gossip)' elapsed=70s tick=7 url=https://ohmygodit.tistory.com/manage/newpost/?type=post&returnURL=%2Fmanage%2Fposts%2F title=글쓰기
[2025-12-21 18:19:59][INFO] [HB] step='글쓰기 입력 (gossip)' elapsed=80s tick=8 url=https://ohmygodit.tistory.com/manage/newpost/?type=post&returnURL=%2Fmanage%2Fposts%2F title=글쓰기
[2025-12-21 18:20:09][INFO] [HB] step='글쓰기 입력 (gossip)' elapsed=90s tick=9 url=https://ohmygodit.tistory.com/manage/newpost/?type=post&returnURL=%2Fmanage%2Fposts%2F title=글쓰기
[2025-12-21 18:20:19][INFO] [HB] step='글쓰기 입력 (gossip)' elapsed=100s tick=10 url=https://ohmygodit.tistory.com/manage/newpost/?type=post&returnURL=%2Fmanage%2Fposts%2F title=글쓰기
[2025-12-21 18:20:29][INFO] [HB] step='글쓰기 입력 (gossip)' elapsed=110s tick=11 url=https://ohmygodit.tistory.com/manage/newpost/?type=post&returnURL=%2Fmanage%2Fposts%2F title=글쓰기
[2025-12-21 18:20:39][INFO] [HB] step='글쓰기 입력 (gossip)' elapsed=120s tick=12 url=https://ohmygodit.tistory.com/manage/newpost/?type=post&returnURL=%2Fmanage%2Fposts%2F title=글쓰기
[2025-12-21 18:20:49][INFO] [HB] step='글쓰기 입력 (gossip)' elapsed=130s tick=13 url=https://ohmygodit.tistory.com/manage/newpost/?type=post&returnURL=%2Fmanage%2Fposts%2F title=글쓰기
[2025-12-21 18:20:53][STEP] 발행 처리 (gossip)
[2025-12-21 18:20:55][INFO] ✅ 완료: gossip 1건 발행
[2025-12-21 18:20:55][INFO] ===== TOPIC START: kpop =====
[2025-12-21 18:20:55][STEP] RSS 수집 (kpop)
[2025-12-21 18:20:56][INFO] kpop: 후보 기사[1/2] = [케이팝 베트남⑤] IP는 어떻게 자산이 되는가 - 케이트렌디뉴스
[2025-12-21 18:20:56][STEP] LLM 글 생성 (kpop) [article 1]
[2025-12-21 18:21:06][INFO] [HB] step='LLM 글 생성 (kpop) [article 1]' elapsed=10s tick=1 url=https://ohmygodit.tistory.com/manage/posts/ title=블로그관리 | ohmygodit 님의 블로그
[2025-12-21 18:21:16][INFO] [HB] step='LLM 글 생성 (kpop) [article 1]' elapsed=20s tick=2 url=https://ohmygodit.tistory.com/manage/posts/ title=블로그관리 | ohmygodit 님의 블로그
[2025-12-21 18:21:20][ERROR] LLM 글 생성 (kpop) [article 1] 실패: RuntimeError('E_GUARD_LANG_CJK: saved=debug\\fail_guard_kpop_a1_20251221_182120.html')
[2025-12-21 18:21:20][ERROR] Traceback (most recent call last):
  File "C:\workspace\auto_tistory_blog\generator.py", line 326, in generate_post_with_ollama
    _validate_post_quality(title, body, topic_tag)
  File "C:\workspace\auto_tistory_blog\generator.py", line 192, in _validate_post_quality
    raise RuntimeError(f"E_GUARD_LANG_CJK: saved={fail}")
RuntimeError: E_GUARD_LANG_CJK: saved=debug\fail_guard_kpop_a1_20251221_182109.html

During handling of the above exception, another exception occurred:

Traceback (most recent call last):
  File "C:\workspace\auto_tistory_blog\main.py", line 121, in run_step
    return fn()
  File "C:\workspace\auto_tistory_blog\main.py", line 199, in <lambda>
    lambda a=article: generate_post_with_ollama(
  File "C:\workspace\auto_tistory_blog\generator.py", line 395, in generate_post_with_ollama
    _validate_post_quality(title2, body2, topic_tag)
  File "C:\workspace\auto_tistory_blog\generator.py", line 192, in _validate_post_quality
    raise RuntimeError(f"E_GUARD_LANG_CJK: saved={fail}")
RuntimeError: E_GUARD_LANG_CJK: saved=debug\fail_guard_kpop_a1_20251221_182120.html

[2025-12-21 18:21:20][WARN] kpop: 기사[1] LLM 실패 → 다음 기사 시도 (E_GUARD_LANG_CJK: saved=debug\fail_guard_kpop_a1_20251221_182120.html)
[2025-12-21 18:21:20][INFO] kpop: 후보 기사[2/2] = "3세대 건재" 지드래곤·제니 대상→엑소 완전체 귀환···케이팝 원조가 여기 있네('2025 멜뮤')[종합] - OSEN
[2025-12-21 18:21:20][STEP] LLM 글 생성 (kpop) [article 2]
[2025-12-21 18:21:30][INFO] [HB] step='LLM 글 생성 (kpop) [article 2]' elapsed=10s tick=1 url=https://ohmygodit.tistory.com/manage/posts/ title=블로그관리 | ohmygodit 님의 블로그
[2025-12-21 18:21:40][INFO] [HB] step='LLM 글 생성 (kpop) [article 2]' elapsed=20s tick=2 url=https://ohmygodit.tistory.com/manage/posts/ title=블로그관리 | ohmygodit 님의 블로그
[2025-12-21 18:21:50][INFO] [HB] step='LLM 글 생성 (kpop) [article 2]' elapsed=30s tick=3 url=https://ohmygodit.tistory.com/manage/posts/ title=블로그관리 | ohmygodit 님의 블로그
[2025-12-21 18:21:50][ERROR] LLM 글 생성 (kpop) [article 2] 실패: RuntimeError('E_GUARD_LANG_CJK: saved=debug\\fail_guard_kpop_a2_20251221_182150.html')
[2025-12-21 18:21:50][ERROR] Traceback (most recent call last):
  File "C:\workspace\auto_tistory_blog\generator.py", line 326, in generate_post_with_ollama
    _validate_post_quality(title, body, topic_tag)
  File "C:\workspace\auto_tistory_blog\generator.py", line 155, in _validate_post_quality
    raise RuntimeError(f"E_GUARD_BODY_SHORT: saved={fail}")
RuntimeError: E_GUARD_BODY_SHORT: saved=debug\fail_guard_kpop_a2_20251221_182137.html

During handling of the above exception, another exception occurred:

Traceback (most recent call last):
  File "C:\workspace\auto_tistory_blog\main.py", line 121, in run_step
    return fn()
  File "C:\workspace\auto_tistory_blog\main.py", line 199, in <lambda>
    lambda a=article: generate_post_with_ollama(
  File "C:\workspace\auto_tistory_blog\generator.py", line 395, in generate_post_with_ollama
    _validate_post_quality(title2, body2, topic_tag)
  File "C:\workspace\auto_tistory_blog\generator.py", line 192, in _validate_post_quality
    raise RuntimeError(f"E_GUARD_LANG_CJK: saved={fail}")
RuntimeError: E_GUARD_LANG_CJK: saved=debug\fail_guard_kpop_a2_20251221_182150.html

[2025-12-21 18:21:51][WARN] kpop: 기사[2] LLM 실패 → 다음 기사 시도 (E_GUARD_LANG_CJK: saved=debug\fail_guard_kpop_a2_20251221_182150.html)
[2025-12-21 18:21:51][WARN] kpop: 2개 기사 시도했지만 LLM 통과 실패 → 토픽 스킵
[2025-12-21 18:21:51][INFO] ===== TOPIC START: hot =====
[2025-12-21 18:21:51][STEP] RSS 수집 (hot)
[2025-12-21 18:21:52][INFO] hot: 후보 기사[1/2] = [2025 보안 사고·이슈 결산-7] 범부처 정보보호 종합대책, 2026년 산업 활성화 ‘기대’ - 보안뉴스
[2025-12-21 18:21:52][STEP] LLM 글 생성 (hot) [article 1]
[2025-12-21 18:22:02][INFO] [HB] step='LLM 글 생성 (hot) [article 1]' elapsed=10s tick=1 url=https://ohmygodit.tistory.com/manage/posts/ title=블로그관리 | ohmygodit 님의 블로그
[2025-12-21 18:22:12][INFO] [HB] step='LLM 글 생성 (hot) [article 1]' elapsed=20s tick=2 url=https://ohmygodit.tistory.com/manage/posts/ title=블로그관리 | ohmygodit 님의 블로그
[2025-12-21 18:22:20][ERROR] LLM 글 생성 (hot) [article 1] 실패: RuntimeError('E_GUARD_LANG_CJK: saved=debug\\fail_guard_hot_a1_20251221_182220.html')
[2025-12-21 18:22:20][ERROR] Traceback (most recent call last):
  File "C:\workspace\auto_tistory_blog\generator.py", line 326, in generate_post_with_ollama
    _validate_post_quality(title, body, topic_tag)
  File "C:\workspace\auto_tistory_blog\generator.py", line 155, in _validate_post_quality
    raise RuntimeError(f"E_GUARD_BODY_SHORT: saved={fail}")
RuntimeError: E_GUARD_BODY_SHORT: saved=debug\fail_guard_hot_a1_20251221_182205.html

During handling of the above exception, another exception occurred:

Traceback (most recent call last):
  File "C:\workspace\auto_tistory_blog\main.py", line 121, in run_step
    return fn()
  File "C:\workspace\auto_tistory_blog\main.py", line 199, in <lambda>
    lambda a=article: generate_post_with_ollama(
  File "C:\workspace\auto_tistory_blog\generator.py", line 395, in generate_post_with_ollama
    _validate_post_quality(title2, body2, topic_tag)
  File "C:\workspace\auto_tistory_blog\generator.py", line 192, in _validate_post_quality
    raise RuntimeError(f"E_GUARD_LANG_CJK: saved={fail}")
RuntimeError: E_GUARD_LANG_CJK: saved=debug\fail_guard_hot_a1_20251221_182220.html

[2025-12-21 18:22:20][WARN] hot: 기사[1] LLM 실패 → 다음 기사 시도 (E_GUARD_LANG_CJK: saved=debug\fail_guard_hot_a1_20251221_182220.html)
[2025-12-21 18:22:20][INFO] hot: 후보 기사[2/2] = [속보] 장수군 ‘행복 콜택시’ 이용자 부담금 3000원으로 절충 - v.daum.net
[2025-12-21 18:22:20][STEP] LLM 글 생성 (hot) [article 2]
[2025-12-21 18:22:30][INFO] [HB] step='LLM 글 생성 (hot) [article 2]' elapsed=10s tick=1 url=https://ohmygodit.tistory.com/manage/posts/ title=블로그관리 | ohmygodit 님의 블로그
[2025-12-21 18:22:40][INFO] [HB] step='LLM 글 생성 (hot) [article 2]' elapsed=20s tick=2 url=https://ohmygodit.tistory.com/manage/posts/ title=블로그관리 | ohmygodit 님의 블로그
[2025-12-21 18:22:50][INFO] [HB] step='LLM 글 생성 (hot) [article 2]' elapsed=30s tick=3 url=https://ohmygodit.tistory.com/manage/posts/ title=블로그관리 | ohmygodit 님의 블로그
[2025-12-21 18:23:00][INFO] [HB] step='LLM 글 생성 (hot) [article 2]' elapsed=40s tick=4 url=https://ohmygodit.tistory.com/manage/posts/ title=블로그관리 | ohmygodit 님의 블로그
[2025-12-21 18:23:10][INFO] [HB] step='LLM 글 생성 (hot) [article 2]' elapsed=50s tick=5 url=https://ohmygodit.tistory.com/manage/posts/ title=블로그관리 | ohmygodit 님의 블로그
[2025-12-21 18:23:20][INFO] [HB] step='LLM 글 생성 (hot) [article 2]' elapsed=60s tick=6 url=https://ohmygodit.tistory.com/manage/posts/ title=블로그관리 | ohmygodit 님의 블로그
[2025-12-21 18:23:30][INFO] [HB] step='LLM 글 생성 (hot) [article 2]' elapsed=70s tick=7 url=https://ohmygodit.tistory.com/manage/posts/ title=블로그관리 | ohmygodit 님의 블로그
[2025-12-21 18:23:41][INFO] [HB] step='LLM 글 생성 (hot) [article 2]' elapsed=80s tick=8 url=https://ohmygodit.tistory.com/manage/posts/ title=블로그관리 | ohmygodit 님의 블로그
[2025-12-21 18:23:50][ERROR] LLM 글 생성 (hot) [article 2] 실패: RuntimeError('E_GUARD_BODY_SHORT: saved=debug\\fail_guard_hot_a2_20251221_182236.html')
[2025-12-21 18:23:50][ERROR] Traceback (most recent call last):
  File "C:\workspace\auto_tistory_blog\main.py", line 121, in run_step
    return fn()
  File "C:\workspace\auto_tistory_blog\main.py", line 199, in <lambda>
    lambda a=article: generate_post_with_ollama(
  File "C:\workspace\auto_tistory_blog\generator.py", line 326, in generate_post_with_ollama
    _validate_post_quality(title, body, topic_tag)
  File "C:\workspace\auto_tistory_blog\generator.py", line 155, in _validate_post_quality
    raise RuntimeError(f"E_GUARD_BODY_SHORT: saved={fail}")
RuntimeError: E_GUARD_BODY_SHORT: saved=debug\fail_guard_hot_a2_20251221_182236.html

[2025-12-21 18:23:50][WARN] hot: 기사[2] LLM 실패 → 다음 기사 시도 (E_GUARD_BODY_SHORT: saved=debug\fail_guard_hot_a2_20251221_182236.html)
[2025-12-21 18:23:50][WARN] hot: 2개 기사 시도했지만 LLM 통과 실패 → 토픽 스킵
[2025-12-21 18:23:50][STEP] 전체 작업 완료
[2025-12-21 19:44:53][STEP] 프로그램 시작
[2025-12-21 19:44:53][STEP] make_driver() 호출 직전
[2025-12-21 19:44:55][STEP] make_driver() 리턴 직후
[2025-12-21 19:44:55][STEP] 로그인 시작
[2025-12-21 19:44:55][INFO] ===== TOPIC START: politics =====
[2025-12-21 19:44:55][STEP] RSS 수집 (politics)
[2025-12-21 19:44:56][INFO] politics: 후보 기사[1/2] = [인터뷰] 서왕진 "국가 미래 위해 정치개혁 필수…극단적 진영 정치 완화해야" - 매일일보
[2025-12-21 19:44:57][STEP] LLM 글 생성 (politics) [article 1]
[2025-12-21 19:45:07][INFO] [HB] step='LLM 글 생성 (politics) [article 1]' elapsed=10s tick=1 url=https://www.tistory.com/auth/login title=TISTORY
[2025-12-21 19:45:17][INFO] [HB] step='LLM 글 생성 (politics) [article 1]' elapsed=20s tick=2 url=https://www.tistory.com/auth/login title=TISTORY
[2025-12-21 19:45:27][INFO] [HB] step='LLM 글 생성 (politics) [article 1]' elapsed=30s tick=3 url=https://www.tistory.com/auth/login title=TISTORY
[2025-12-21 19:45:30][INFO] politics: ✅ 선택된 기사 = [1] [인터뷰] 서왕진 "국가 미래 위해 정치개혁 필수…극단적 진영 정치 완화해야" - 매일일보
[2025-12-21 19:45:30][INFO] politics: 생성된 제목 = 국가 미래 위해 정치개혁 필수…극단적 진영 정치 완화해야
[2025-12-21 19:45:30][INFO] politics: 본문 미리보기 = ## 핵심 요약 국가 미래를 위한 정치 개혁은 필수적인 bớc으로 나아가야 한다. 극단적 진영 정치의 완화는 국가의 안정성과 발전을 위해 ضرlements이다.  ## 내용 정리 서왕진 국회의원은 '극단적 진영 정치를 완화하기 위한 노력은 국가의 안정성과 발전을 위해 필수적인 bớc으로 나아가야 한다'고 말했다. 그는 '국민의 의견을 lắng nghe하고, ...
[2025-12-21 19:45:30][STEP] SD 이미지 생성 (politics)
[2025-12-21 19:45:40][INFO] [HB] step='SD 이미지 생성 (politics)' elapsed=10s tick=1 url=https://www.tistory.com/auth/login title=TISTORY
[2025-12-21 19:45:50][INFO] [HB] step='SD 이미지 생성 (politics)' elapsed=20s tick=2 url=https://www.tistory.com/auth/login title=TISTORY
[2025-12-21 19:46:00][INFO] [HB] step='SD 이미지 생성 (politics)' elapsed=30s tick=3 url=https://www.tistory.com/auth/login title=TISTORY
[2025-12-21 19:46:10][INFO] [HB] step='SD 이미지 생성 (politics)' elapsed=40s tick=4 url=https://www.tistory.com/auth/login title=TISTORY
[2025-12-21 19:46:20][INFO] [HB] step='SD 이미지 생성 (politics)' elapsed=50s tick=5 url=https://www.tistory.com/auth/login title=TISTORY
[2025-12-21 19:46:30][INFO] [HB] step='SD 이미지 생성 (politics)' elapsed=60s tick=6 url=https://www.tistory.com/auth/login title=TISTORY
[2025-12-21 19:46:40][INFO] [HB] step='SD 이미지 생성 (politics)' elapsed=70s tick=7 url=https://www.tistory.com/auth/login title=TISTORY
[2025-12-21 19:46:50][INFO] [HB] step='SD 이미지 생성 (politics)' elapsed=80s tick=8 url=https://www.tistory.com/auth/login title=TISTORY
[2025-12-21 19:47:00][INFO] [HB] step='SD 이미지 생성 (politics)' elapsed=90s tick=9 url=https://www.tistory.com/auth/login title=TISTORY
[2025-12-21 19:47:10][INFO] [HB] step='SD 이미지 생성 (politics)' elapsed=100s tick=10 url=https://www.tistory.com/auth/login title=TISTORY
[2025-12-21 19:47:21][INFO] [HB] step='SD 이미지 생성 (politics)' elapsed=110s tick=11 url=https://www.tistory.com/auth/login title=TISTORY
[2025-12-21 19:47:31][INFO] [HB] step='SD 이미지 생성 (politics)' elapsed=120s tick=12 url=https://www.tistory.com/auth/login title=TISTORY
[2025-12-21 19:47:41][INFO] [HB] step='SD 이미지 생성 (politics)' elapsed=130s tick=13 url=https://www.tistory.com/auth/login title=TISTORY
[2025-12-21 19:47:51][INFO] [HB] step='SD 이미지 생성 (politics)' elapsed=140s tick=14 url=https://www.tistory.com/auth/login title=TISTORY
[2025-12-21 19:48:01][INFO] [HB] step='SD 이미지 생성 (politics)' elapsed=150s tick=15 url=https://www.tistory.com/auth/login title=TISTORY
[2025-12-21 19:48:11][INFO] [HB] step='SD 이미지 생성 (politics)' elapsed=160s tick=16 url=https://www.tistory.com/auth/login title=TISTORY
[2025-12-21 19:48:21][INFO] [HB] step='SD 이미지 생성 (politics)' elapsed=170s tick=17 url=https://www.tistory.com/auth/login title=TISTORY
[2025-12-21 19:48:31][INFO] [HB] step='SD 이미지 생성 (politics)' elapsed=180s tick=18 url=https://www.tistory.com/auth/login title=TISTORY
[2025-12-21 19:48:41][INFO] [HB] step='SD 이미지 생성 (politics)' elapsed=190s tick=19 url=https://www.tistory.com/auth/login title=TISTORY
[2025-12-21 19:48:51][INFO] [HB] step='SD 이미지 생성 (politics)' elapsed=200s tick=20 url=https://www.tistory.com/auth/login title=TISTORY
[2025-12-21 19:49:01][INFO] [HB] step='SD 이미지 생성 (politics)' elapsed=210s tick=21 url=https://www.tistory.com/auth/login title=TISTORY
[2025-12-21 19:49:39][STEP] 프로그램 시작
[2025-12-21 19:49:39][STEP] make_driver() 호출 직전
[2025-12-21 19:49:42][STEP] make_driver() 리턴 직후
[2025-12-21 19:49:42][STEP] 로그인 시작
[2025-12-21 19:49:45][INFO] ===== TOPIC START: politics =====
[2025-12-21 19:49:45][STEP] RSS 수집 (politics)
[2025-12-21 19:49:46][INFO] politics: 후보 기사[1/2] = [인터뷰] 서왕진 "국가 미래 위해 정치개혁 필수…극단적 진영 정치 완화해야" - 매일일보
[2025-12-21 19:49:47][STEP] LLM 글 생성 (politics) [article 1]
[2025-12-21 19:49:57][INFO] [HB] step='LLM 글 생성 (politics) [article 1]' elapsed=10s tick=1 url=https://www.tistory.com/ title=티스토리
[2025-12-21 19:50:06][INFO] politics: ✅ 선택된 기사 = [1] [인터뷰] 서왕진 "국가 미래 위해 정치개혁 필수…극단적 진영 정치 완화해야" - 매일일보
[2025-12-21 19:50:06][INFO] politics: 생성된 제목 = 국가 미래 위해 정치개혁 필수…극단적 진영 정치 완화해야
[2025-12-21 19:50:06][INFO] politics: 본문 미리보기 = ## 핵심 요약 국가 미래를 위한 정치 개혁은 필수적인 단계라고 서왕진 전 의장은 말했다.  ## 내용 정리 서왕진 전 의장은 '정치개혁이 국가 미래를 위해 필수적이고, 극단적 진영 정치를 완화해야한다'고 말했다. 그는 '정치개혁을 통해 국가의 미래를 위한 안정적인 정치 체제를 구축할 수 있다'고 주장했다.  ## 의미와 관전 포인트 서왕진 전 의장은 '정 ...
[2025-12-21 19:50:06][STEP] SD 이미지 생성 (politics)
[2025-12-21 19:50:16][INFO] [HB] step='SD 이미지 생성 (politics)' elapsed=10s tick=1 url=https://www.tistory.com/ title=티스토리
[2025-12-21 19:50:26][INFO] [HB] step='SD 이미지 생성 (politics)' elapsed=20s tick=2 url=https://www.tistory.com/ title=티스토리
[2025-12-21 19:50:36][INFO] [HB] step='SD 이미지 생성 (politics)' elapsed=30s tick=3 url=https://www.tistory.com/ title=티스토리
[2025-12-21 19:50:46][INFO] [HB] step='SD 이미지 생성 (politics)' elapsed=40s tick=4 url=https://www.tistory.com/ title=티스토리
[2025-12-21 19:50:56][INFO] [HB] step='SD 이미지 생성 (politics)' elapsed=50s tick=5 url=https://www.tistory.com/ title=티스토리
[2025-12-21 19:51:06][INFO] [HB] step='SD 이미지 생성 (politics)' elapsed=60s tick=6 url=https://www.tistory.com/ title=티스토리
[2025-12-21 19:51:16][INFO] [HB] step='SD 이미지 생성 (politics)' elapsed=70s tick=7 url=https://www.tistory.com/ title=티스토리
[2025-12-21 19:51:26][INFO] [HB] step='SD 이미지 생성 (politics)' elapsed=80s tick=8 url=https://www.tistory.com/ title=티스토리
[2025-12-21 19:51:36][INFO] [HB] step='SD 이미지 생성 (politics)' elapsed=90s tick=9 url=https://www.tistory.com/ title=티스토리
[2025-12-21 19:51:46][INFO] [HB] step='SD 이미지 생성 (politics)' elapsed=100s tick=10 url=https://www.tistory.com/ title=티스토리
[2025-12-21 19:51:56][INFO] [HB] step='SD 이미지 생성 (politics)' elapsed=110s tick=11 url=https://www.tistory.com/ title=티스토리
[2025-12-21 19:52:07][INFO] [HB] step='SD 이미지 생성 (politics)' elapsed=120s tick=12 url=https://www.tistory.com/ title=티스토리
[2025-12-21 19:52:17][INFO] [HB] step='SD 이미지 생성 (politics)' elapsed=130s tick=13 url=https://www.tistory.com/ title=티스토리
[2025-12-21 19:52:27][INFO] [HB] step='SD 이미지 생성 (politics)' elapsed=140s tick=14 url=https://www.tistory.com/ title=티스토리
[2025-12-21 19:52:37][INFO] [HB] step='SD 이미지 생성 (politics)' elapsed=150s tick=15 url=https://www.tistory.com/ title=티스토리
[2025-12-21 19:52:47][INFO] [HB] step='SD 이미지 생성 (politics)' elapsed=160s tick=16 url=https://www.tistory.com/ title=티스토리
[2025-12-21 19:52:57][INFO] [HB] step='SD 이미지 생성 (politics)' elapsed=170s tick=17 url=https://www.tistory.com/ title=티스토리
[2025-12-21 19:53:07][INFO] [HB] step='SD 이미지 생성 (politics)' elapsed=180s tick=18 url=https://www.tistory.com/ title=티스토리
[2025-12-21 19:53:17][INFO] [HB] step='SD 이미지 생성 (politics)' elapsed=190s tick=19 url=https://www.tistory.com/ title=티스토리
[2025-12-21 19:53:27][INFO] [HB] step='SD 이미지 생성 (politics)' elapsed=200s tick=20 url=https://www.tistory.com/ title=티스토리
[2025-12-21 19:53:37][INFO] [HB] step='SD 이미지 생성 (politics)' elapsed=210s tick=21 url=https://www.tistory.com/ title=티스토리
[2025-12-21 19:53:47][INFO] [HB] step='SD 이미지 생성 (politics)' elapsed=220s tick=22 url=https://www.tistory.com/ title=티스토리
[2025-12-21 19:53:57][INFO] [HB] step='SD 이미지 생성 (politics)' elapsed=230s tick=23 url=https://www.tistory.com/ title=티스토리
[2025-12-21 19:54:05][STEP] 글쓰기 입력 (politics)
[2025-12-21 19:54:15][INFO] [HB] step='글쓰기 입력 (politics)' elapsed=10s tick=1 url=https://ohmygodit.tistory.com/manage/newpost/?type=post&returnURL=%2Fmanage%2Fposts%2F title=글쓰기
[2025-12-21 19:54:25][INFO] [HB] step='글쓰기 입력 (politics)' elapsed=20s tick=2 url=https://ohmygodit.tistory.com/manage/newpost/?type=post&returnURL=%2Fmanage%2Fposts%2F title=글쓰기
[2025-12-21 19:54:35][INFO] [HB] step='글쓰기 입력 (politics)' elapsed=30s tick=3 url=https://ohmygodit.tistory.com/manage/newpost/?type=post&returnURL=%2Fmanage%2Fposts%2F title=글쓰기
[2025-12-21 19:54:45][INFO] [HB] step='글쓰기 입력 (politics)' elapsed=40s tick=4 url=https://ohmygodit.tistory.com/manage/newpost/?type=post&returnURL=%2Fmanage%2Fposts%2F title=글쓰기
[2025-12-21 19:54:55][INFO] [HB] step='글쓰기 입력 (politics)' elapsed=50s tick=5 url=https://ohmygodit.tistory.com/manage/newpost/?type=post&returnURL=%2Fmanage%2Fposts%2F title=글쓰기
[2025-12-21 19:55:05][INFO] [HB] step='글쓰기 입력 (politics)' elapsed=60s tick=6 url=https://ohmygodit.tistory.com/manage/newpost/?type=post&returnURL=%2Fmanage%2Fposts%2F title=글쓰기
[2025-12-21 19:55:15][INFO] [HB] step='글쓰기 입력 (politics)' elapsed=70s tick=7 url=https://ohmygodit.tistory.com/manage/newpost/?type=post&returnURL=%2Fmanage%2Fposts%2F title=글쓰기
[2025-12-21 19:55:25][INFO] [HB] step='글쓰기 입력 (politics)' elapsed=80s tick=8 url=https://ohmygodit.tistory.com/manage/newpost/?type=post&returnURL=%2Fmanage%2Fposts%2F title=글쓰기
[2025-12-21 19:55:35][INFO] [HB] step='글쓰기 입력 (politics)' elapsed=90s tick=9 url=https://ohmygodit.tistory.com/manage/newpost/?type=post&returnURL=%2Fmanage%2Fposts%2F title=글쓰기
[2025-12-21 19:55:45][INFO] [HB] step='글쓰기 입력 (politics)' elapsed=100s tick=10 url=https://ohmygodit.tistory.com/manage/newpost/?type=post&returnURL=%2Fmanage%2Fposts%2F title=글쓰기
[2025-12-21 19:55:55][INFO] [HB] step='글쓰기 입력 (politics)' elapsed=110s tick=11 url=https://ohmygodit.tistory.com/manage/newpost/?type=post&returnURL=%2Fmanage%2Fposts%2F title=글쓰기
[2025-12-21 19:56:05][INFO] [HB] step='글쓰기 입력 (politics)' elapsed=120s tick=12 url=https://ohmygodit.tistory.com/manage/newpost/?type=post&returnURL=%2Fmanage%2Fposts%2F title=글쓰기
[2025-12-21 19:56:15][INFO] [HB] step='글쓰기 입력 (politics)' elapsed=130s tick=13 url=https://ohmygodit.tistory.com/manage/newpost/?type=post&returnURL=%2Fmanage%2Fposts%2F title=글쓰기
[2025-12-21 19:56:21][STEP] 발행 처리 (politics)
[2025-12-21 19:56:24][INFO] ✅ 완료: politics 1건 발행
[2025-12-21 19:56:24][INFO] ===== TOPIC START: gossip =====
[2025-12-21 19:56:24][STEP] RSS 수집 (gossip)
[2025-12-21 19:56:25][INFO] gossip: 후보 기사[1/2] = ‘AI 아바타’가 나 대신 연애·결혼 미리 해본다면 - 조선일보
[2025-12-21 19:56:26][STEP] LLM 글 생성 (gossip) [article 1]
[2025-12-21 19:56:36][INFO] [HB] step='LLM 글 생성 (gossip) [article 1]' elapsed=10s tick=1 url=https://ohmygodit.tistory.com/manage/posts/ title=블로그관리 | ohmygodit 님의 블로그
[2025-12-21 19:56:46][INFO] [HB] step='LLM 글 생성 (gossip) [article 1]' elapsed=20s tick=2 url=https://ohmygodit.tistory.com/manage/posts/ title=블로그관리 | ohmygodit 님의 블로그
[2025-12-21 19:56:56][INFO] [HB] step='LLM 글 생성 (gossip) [article 1]' elapsed=30s tick=3 url=https://ohmygodit.tistory.com/manage/posts/ title=블로그관리 | ohmygodit 님의 블로그
[2025-12-21 19:57:06][INFO] [HB] step='LLM 글 생성 (gossip) [article 1]' elapsed=40s tick=4 url=https://ohmygodit.tistory.com/manage/posts/ title=블로그관리 | ohmygodit 님의 블로그
[2025-12-21 19:57:16][INFO] [HB] step='LLM 글 생성 (gossip) [article 1]' elapsed=50s tick=5 url=https://ohmygodit.tistory.com/manage/posts/ title=블로그관리 | ohmygodit 님의 블로그
[2025-12-21 19:57:26][INFO] [HB] step='LLM 글 생성 (gossip) [article 1]' elapsed=60s tick=6 url=https://ohmygodit.tistory.com/manage/posts/ title=블로그관리 | ohmygodit 님의 블로그
[2025-12-21 19:57:36][INFO] [HB] step='LLM 글 생성 (gossip) [article 1]' elapsed=70s tick=7 url=https://ohmygodit.tistory.com/manage/posts/ title=블로그관리 | ohmygodit 님의 블로그
[2025-12-21 19:57:46][INFO] [HB] step='LLM 글 생성 (gossip) [article 1]' elapsed=80s tick=8 url=https://ohmygodit.tistory.com/manage/posts/ title=블로그관리 | ohmygodit 님의 블로그
[2025-12-21 19:57:56][INFO] [HB] step='LLM 글 생성 (gossip) [article 1]' elapsed=90s tick=9 url=https://ohmygodit.tistory.com/manage/posts/ title=블로그관리 | ohmygodit 님의 블로그
[2025-12-21 19:58:06][INFO] [HB] step='LLM 글 생성 (gossip) [article 1]' elapsed=100s tick=10 url=https://ohmygodit.tistory.com/manage/posts/ title=블로그관리 | ohmygodit 님의 블로그
[2025-12-21 19:58:16][INFO] [HB] step='LLM 글 생성 (gossip) [article 1]' elapsed=110s tick=11 url=https://ohmygodit.tistory.com/manage/posts/ title=블로그관리 | ohmygodit 님의 블로그
[2025-12-21 19:58:26][INFO] [HB] step='LLM 글 생성 (gossip) [article 1]' elapsed=120s tick=12 url=https://ohmygodit.tistory.com/manage/posts/ title=블로그관리 | ohmygodit 님의 블로그
[2025-12-21 19:58:36][INFO] [HB] step='LLM 글 생성 (gossip) [article 1]' elapsed=130s tick=13 url=https://ohmygodit.tistory.com/manage/posts/ title=블로그관리 | ohmygodit 님의 블로그
[2025-12-21 19:58:46][INFO] [HB] step='LLM 글 생성 (gossip) [article 1]' elapsed=140s tick=14 url=https://ohmygodit.tistory.com/manage/posts/ title=블로그관리 | ohmygodit 님의 블로그
[2025-12-21 19:58:56][INFO] [HB] step='LLM 글 생성 (gossip) [article 1]' elapsed=150s tick=15 url=https://ohmygodit.tistory.com/manage/posts/ title=블로그관리 | ohmygodit 님의 블로그
[2025-12-21 19:59:06][INFO] [HB] step='LLM 글 생성 (gossip) [article 1]' elapsed=160s tick=16 url=https://ohmygodit.tistory.com/manage/posts/ title=블로그관리 | ohmygodit 님의 블로그
[2025-12-21 19:59:10][INFO] gossip: ✅ 선택된 기사 = [1] ‘AI 아바타’가 나 대신 연애·결혼 미리 해본다면 - 조선일보
[2025-12-21 19:59:10][INFO] gossip: 생성된 제목 = ̦ ㄯ호 ㅍㅣㄫ ㄵㅍ ㅊㅍㅁ ㄲㅍㅁ ㄰ㅍㅁ
[2025-12-21 19:59:10][INFO] gossip: 본문 미리보기 = ## ㅍㅣ ㄯ ㅊㅍ ㅁ 호 ㅍ ㅁ ㄵㅍ ㅊㅍ ㅁ ㄲㅍㅁ ㄰ㅍㅁ, ㅍ ㅣ ㄯ ㅊㅍ ㅁ ㄵㅍ ㅊㅍ ㅁ ㄲㅍㅁ ㄰ㅍㅁ. 호 ㅍ ㅁ ㄵㅍ ㅊㅍ ㅁ ㄲㅍㅁ ㄰ㅍㅁ, ㅍ ㅣ ㄯ ㅊㅍ ㅁ ㄵㅍ ㅊㅍ ㅁ ㄲㅍㅁ ㄰ㅍㅁ. 호 ㅍ ㅁ ㄵㅍ ㅊㅍ ㅁ ㄲㅍㅁ ㄰ㅍㅁ, ㅍ ㅣ ㄯ ㅊㅍ ㅁ ㄵㅍ ㅊㅍ ㅁ ㄲㅍㅁ ㄰ㅍㅁ.  ## ㅍㅣ ㄯ ㅊㅍ ㅁ ㄵㅍ ㅊㅍ ㅁ ㄲㅍㅁ ㄰ㅍㅁ ㅎ 호  ...
[2025-12-21 19:59:10][STEP] SD 이미지 생성 (gossip)
[2025-12-21 19:59:20][INFO] [HB] step='SD 이미지 생성 (gossip)' elapsed=10s tick=1 url=https://ohmygodit.tistory.com/manage/posts/ title=블로그관리 | ohmygodit 님의 블로그
[2025-12-21 19:59:30][INFO] [HB] step='SD 이미지 생성 (gossip)' elapsed=20s tick=2 url=https://ohmygodit.tistory.com/manage/posts/ title=블로그관리 | ohmygodit 님의 블로그
[2025-12-21 19:59:40][INFO] [HB] step='SD 이미지 생성 (gossip)' elapsed=30s tick=3 url=https://ohmygodit.tistory.com/manage/posts/ title=블로그관리 | ohmygodit 님의 블로그
[2025-12-21 19:59:50][INFO] [HB] step='SD 이미지 생성 (gossip)' elapsed=40s tick=4 url=https://ohmygodit.tistory.com/manage/posts/ title=블로그관리 | ohmygodit 님의 블로그
[2025-12-21 20:00:00][INFO] [HB] step='SD 이미지 생성 (gossip)' elapsed=50s tick=5 url=https://ohmygodit.tistory.com/manage/posts/ title=블로그관리 | ohmygodit 님의 블로그
[2025-12-21 20:00:10][INFO] [HB] step='SD 이미지 생성 (gossip)' elapsed=60s tick=6 url=https://ohmygodit.tistory.com/manage/posts/ title=블로그관리 | ohmygodit 님의 블로그
[2025-12-21 20:00:20][INFO] [HB] step='SD 이미지 생성 (gossip)' elapsed=70s tick=7 url=https://ohmygodit.tistory.com/manage/posts/ title=블로그관리 | ohmygodit 님의 블로그
[2025-12-21 20:00:30][INFO] [HB] step='SD 이미지 생성 (gossip)' elapsed=80s tick=8 url=https://ohmygodit.tistory.com/manage/posts/ title=블로그관리 | ohmygodit 님의 블로그
[2025-12-21 20:00:40][INFO] [HB] step='SD 이미지 생성 (gossip)' elapsed=90s tick=9 url=https://ohmygodit.tistory.com/manage/posts/ title=블로그관리 | ohmygodit 님의 블로그
[2025-12-21 20:00:50][INFO] [HB] step='SD 이미지 생성 (gossip)' elapsed=100s tick=10 url=https://ohmygodit.tistory.com/manage/posts/ title=블로그관리 | ohmygodit 님의 블로그
[2025-12-21 20:01:00][INFO] [HB] step='SD 이미지 생성 (gossip)' elapsed=110s tick=11 url=https://ohmygodit.tistory.com/manage/posts/ title=블로그관리 | ohmygodit 님의 블로그
[2025-12-21 20:01:10][INFO] [HB] step='SD 이미지 생성 (gossip)' elapsed=120s tick=12 url=https://ohmygodit.tistory.com/manage/posts/ title=블로그관리 | ohmygodit 님의 블로그
[2025-12-21 20:01:20][INFO] [HB] step='SD 이미지 생성 (gossip)' elapsed=130s tick=13 url=https://ohmygodit.tistory.com/manage/posts/ title=블로그관리 | ohmygodit 님의 블로그
[2025-12-21 20:01:30][INFO] [HB] step='SD 이미지 생성 (gossip)' elapsed=140s tick=14 url=https://ohmygodit.tistory.com/manage/posts/ title=블로그관리 | ohmygodit 님의 블로그
[2025-12-21 20:01:40][INFO] [HB] step='SD 이미지 생성 (gossip)' elapsed=150s tick=15 url=https://ohmygodit.tistory.com/manage/posts/ title=블로그관리 | ohmygodit 님의 블로그
[2025-12-21 20:01:50][INFO] [HB] step='SD 이미지 생성 (gossip)' elapsed=160s tick=16 url=https://ohmygodit.tistory.com/manage/posts/ title=블로그관리 | ohmygodit 님의 블로그
[2025-12-21 20:02:00][INFO] [HB] step='SD 이미지 생성 (gossip)' elapsed=170s tick=17 url=https://ohmygodit.tistory.com/manage/posts/ title=블로그관리 | ohmygodit 님의 블로그
[2025-12-21 20:02:10][INFO] [HB] step='SD 이미지 생성 (gossip)' elapsed=180s tick=18 url=https://ohmygodit.tistory.com/manage/posts/ title=블로그관리 | ohmygodit 님의 블로그
[2025-12-21 20:02:20][INFO] [HB] step='SD 이미지 생성 (gossip)' elapsed=190s tick=19 url=https://ohmygodit.tistory.com/manage/posts/ title=블로그관리 | ohmygodit 님의 블로그
[2025-12-21 20:02:30][INFO] [HB] step='SD 이미지 생성 (gossip)' elapsed=200s tick=20 url=https://ohmygodit.tistory.com/manage/posts/ title=블로그관리 | ohmygodit 님의 블로그
[2025-12-21 20:02:40][INFO] [HB] step='SD 이미지 생성 (gossip)' elapsed=210s tick=21 url=https://ohmygodit.tistory.com/manage/posts/ title=블로그관리 | ohmygodit 님의 블로그
[2025-12-21 20:02:50][INFO] [HB] step='SD 이미지 생성 (gossip)' elapsed=220s tick=22 url=https://ohmygodit.tistory.com/manage/posts/ title=블로그관리 | ohmygodit 님의 블로그
[2025-12-21 20:03:00][INFO] [HB] step='SD 이미지 생성 (gossip)' elapsed=230s tick=23 url=https://ohmygodit.tistory.com/manage/posts/ title=블로그관리 | ohmygodit 님의 블로그
[2025-12-21 20:03:10][INFO] [HB] step='SD 이미지 생성 (gossip)' elapsed=240s tick=24 url=https://ohmygodit.tistory.com/manage/posts/ title=블로그관리 | ohmygodit 님의 블로그
[2025-12-21 20:03:13][STEP] 글쓰기 입력 (gossip)
[2025-12-21 20:03:23][INFO] [HB] step='글쓰기 입력 (gossip)' elapsed=10s tick=1 url=https://ohmygodit.tistory.com/manage/newpost/?type=post&returnURL=%2Fmanage%2Fposts%2F title=글쓰기
[2025-12-21 20:03:33][INFO] [HB] step='글쓰기 입력 (gossip)' elapsed=20s tick=2 url=https://ohmygodit.tistory.com/manage/newpost/?type=post&returnURL=%2Fmanage%2Fposts%2F title=글쓰기
[2025-12-21 20:03:43][INFO] [HB] step='글쓰기 입력 (gossip)' elapsed=30s tick=3 url=https://ohmygodit.tistory.com/manage/newpost/?type=post&returnURL=%2Fmanage%2Fposts%2F title=글쓰기
[2025-12-21 20:03:53][INFO] [HB] step='글쓰기 입력 (gossip)' elapsed=40s tick=4 url=https://ohmygodit.tistory.com/manage/newpost/?type=post&returnURL=%2Fmanage%2Fposts%2F title=글쓰기
[2025-12-21 20:04:03][INFO] [HB] step='글쓰기 입력 (gossip)' elapsed=50s tick=5 url=https://ohmygodit.tistory.com/manage/newpost/?type=post&returnURL=%2Fmanage%2Fposts%2F title=글쓰기
[2025-12-21 20:04:13][INFO] [HB] step='글쓰기 입력 (gossip)' elapsed=60s tick=6 url=https://ohmygodit.tistory.com/manage/newpost/?type=post&returnURL=%2Fmanage%2Fposts%2F title=글쓰기
[2025-12-21 20:04:23][INFO] [HB] step='글쓰기 입력 (gossip)' elapsed=70s tick=7 url=https://ohmygodit.tistory.com/manage/newpost/?type=post&returnURL=%2Fmanage%2Fposts%2F title=글쓰기
[2025-12-21 20:04:33][INFO] [HB] step='글쓰기 입력 (gossip)' elapsed=80s tick=8 url=https://ohmygodit.tistory.com/manage/newpost/?type=post&returnURL=%2Fmanage%2Fposts%2F title=글쓰기
[2025-12-21 20:04:43][INFO] [HB] step='글쓰기 입력 (gossip)' elapsed=90s tick=9 url=https://ohmygodit.tistory.com/manage/newpost/?type=post&returnURL=%2Fmanage%2Fposts%2F title=글쓰기
[2025-12-21 20:04:53][INFO] [HB] step='글쓰기 입력 (gossip)' elapsed=100s tick=10 url=https://ohmygodit.tistory.com/manage/newpost/?type=post&returnURL=%2Fmanage%2Fposts%2F title=글쓰기
[2025-12-21 20:05:03][INFO] [HB] step='글쓰기 입력 (gossip)' elapsed=110s tick=11 url=https://ohmygodit.tistory.com/manage/newpost/?type=post&returnURL=%2Fmanage%2Fposts%2F title=글쓰기
[2025-12-21 20:05:13][INFO] [HB] step='글쓰기 입력 (gossip)' elapsed=120s tick=12 url=https://ohmygodit.tistory.com/manage/newpost/?type=post&returnURL=%2Fmanage%2Fposts%2F title=글쓰기
[2025-12-21 20:05:23][INFO] [HB] step='글쓰기 입력 (gossip)' elapsed=130s tick=13 url=https://ohmygodit.tistory.com/manage/newpost/?type=post&returnURL=%2Fmanage%2Fposts%2F title=글쓰기
[2025-12-21 20:05:31][STEP] 발행 처리 (gossip)
[2025-12-21 20:05:33][INFO] ✅ 완료: gossip 1건 발행
[2025-12-21 20:05:33][INFO] ===== TOPIC START: kpop =====
[2025-12-21 20:05:33][STEP] RSS 수집 (kpop)
[2025-12-21 20:05:34][INFO] kpop: 후보 기사[1/2] = [케이팝 베트남⑤] IP는 어떻게 자산이 되는가 - 케이트렌디뉴스
[2025-12-21 20:05:35][STEP] LLM 글 생성 (kpop) [article 1]
[2025-12-21 20:05:45][INFO] [HB] step='LLM 글 생성 (kpop) [article 1]' elapsed=10s tick=1 url=https://ohmygodit.tistory.com/manage/posts/ title=블로그관리 | ohmygodit 님의 블로그
[2025-12-21 20:05:55][INFO] [HB] step='LLM 글 생성 (kpop) [article 1]' elapsed=20s tick=2 url=https://ohmygodit.tistory.com/manage/posts/ title=블로그관리 | ohmygodit 님의 블로그
[2025-12-21 20:06:02][INFO] kpop: ✅ 선택된 기사 = [1] [케이팝 베트남⑤] IP는 어떻게 자산이 되는가 - 케이트렌디뉴스
[2025-12-21 20:06:02][INFO] kpop: 생성된 제목 = [케이팝 베트남⑤] IP는 어떻게 자산이 되는가 - 케이트렌디뉴스
[2025-12-21 20:06:02][INFO] kpop: 본문 미리보기 = ## 핵심 요약 IP 주소가 자산으로 사용되는 것은 가능성은 있지만, 실제로 이에 대한 사례는 드물다. IP 주소는 인터넷의 기본적인 기능 중 하나이며, 각 기기나 시스템이 인터넷에 접속할 때 사용된다. 그러나 IP 주소를 자산으로 사용하는 것은 legal 및 기술적으로도 복잡하다.  ## 내용 정리 IP 주소가 자산으로 사용되는 경우에는, 일반적으로 이중 ...
[2025-12-21 20:06:02][STEP] SD 이미지 생성 (kpop)
[2025-12-21 20:06:12][INFO] [HB] step='SD 이미지 생성 (kpop)' elapsed=10s tick=1 url=https://ohmygodit.tistory.com/manage/posts/ title=블로그관리 | ohmygodit 님의 블로그
[2025-12-21 20:06:22][INFO] [HB] step='SD 이미지 생성 (kpop)' elapsed=20s tick=2 url=https://ohmygodit.tistory.com/manage/posts/ title=블로그관리 | ohmygodit 님의 블로그
[2025-12-21 20:06:32][INFO] [HB] step='SD 이미지 생성 (kpop)' elapsed=30s tick=3 url=https://ohmygodit.tistory.com/manage/posts/ title=블로그관리 | ohmygodit 님의 블로그
[2025-12-21 20:06:42][INFO] [HB] step='SD 이미지 생성 (kpop)' elapsed=40s tick=4 url=https://ohmygodit.tistory.com/manage/posts/ title=블로그관리 | ohmygodit 님의 블로그
[2025-12-21 20:06:52][INFO] [HB] step='SD 이미지 생성 (kpop)' elapsed=50s tick=5 url=https://ohmygodit.tistory.com/manage/posts/ title=블로그관리 | ohmygodit 님의 블로그
[2025-12-21 20:07:02][INFO] [HB] step='SD 이미지 생성 (kpop)' elapsed=60s tick=6 url=https://ohmygodit.tistory.com/manage/posts/ title=블로그관리 | ohmygodit 님의 블로그
[2025-12-21 20:07:12][INFO] [HB] step='SD 이미지 생성 (kpop)' elapsed=70s tick=7 url=https://ohmygodit.tistory.com/manage/posts/ title=블로그관리 | ohmygodit 님의 블로그
[2025-12-21 20:07:22][INFO] [HB] step='SD 이미지 생성 (kpop)' elapsed=80s tick=8 url=https://ohmygodit.tistory.com/manage/posts/ title=블로그관리 | ohmygodit 님의 블로그
[2025-12-21 20:07:33][INFO] [HB] step='SD 이미지 생성 (kpop)' elapsed=90s tick=9 url=https://ohmygodit.tistory.com/manage/posts/ title=블로그관리 | ohmygodit 님의 블로그
[2025-12-21 20:07:43][INFO] [HB] step='SD 이미지 생성 (kpop)' elapsed=100s tick=10 url=https://ohmygodit.tistory.com/manage/posts/ title=블로그관리 | ohmygodit 님의 블로그
[2025-12-21 20:07:53][INFO] [HB] step='SD 이미지 생성 (kpop)' elapsed=110s tick=11 url=https://ohmygodit.tistory.com/manage/posts/ title=블로그관리 | ohmygodit 님의 블로그
[2025-12-21 20:08:03][INFO] [HB] step='SD 이미지 생성 (kpop)' elapsed=120s tick=12 url=https://ohmygodit.tistory.com/manage/posts/ title=블로그관리 | ohmygodit 님의 블로그
[2025-12-21 20:08:13][INFO] [HB] step='SD 이미지 생성 (kpop)' elapsed=130s tick=13 url=https://ohmygodit.tistory.com/manage/posts/ title=블로그관리 | ohmygodit 님의 블로그
[2025-12-21 20:08:23][INFO] [HB] step='SD 이미지 생성 (kpop)' elapsed=140s tick=14 url=https://ohmygodit.tistory.com/manage/posts/ title=블로그관리 | ohmygodit 님의 블로그
[2025-12-21 20:08:33][INFO] [HB] step='SD 이미지 생성 (kpop)' elapsed=150s tick=15 url=https://ohmygodit.tistory.com/manage/posts/ title=블로그관리 | ohmygodit 님의 블로그
[2025-12-21 20:08:43][INFO] [HB] step='SD 이미지 생성 (kpop)' elapsed=160s tick=16 url=https://ohmygodit.tistory.com/manage/posts/ title=블로그관리 | ohmygodit 님의 블로그
[2025-12-21 20:08:53][INFO] [HB] step='SD 이미지 생성 (kpop)' elapsed=170s tick=17 url=https://ohmygodit.tistory.com/manage/posts/ title=블로그관리 | ohmygodit 님의 블로그
[2025-12-21 20:09:03][INFO] [HB] step='SD 이미지 생성 (kpop)' elapsed=180s tick=18 url=https://ohmygodit.tistory.com/manage/posts/ title=블로그관리 | ohmygodit 님의 블로그
[2025-12-21 20:09:13][INFO] [HB] step='SD 이미지 생성 (kpop)' elapsed=190s tick=19 url=https://ohmygodit.tistory.com/manage/posts/ title=블로그관리 | ohmygodit 님의 블로그
[2025-12-21 20:09:23][INFO] [HB] step='SD 이미지 생성 (kpop)' elapsed=200s tick=20 url=https://ohmygodit.tistory.com/manage/posts/ title=블로그관리 | ohmygodit 님의 블로그
[2025-12-21 20:09:33][INFO] [HB] step='SD 이미지 생성 (kpop)' elapsed=210s tick=21 url=https://ohmygodit.tistory.com/manage/posts/ title=블로그관리 | ohmygodit 님의 블로그
[2025-12-21 20:09:43][INFO] [HB] step='SD 이미지 생성 (kpop)' elapsed=220s tick=22 url=https://ohmygodit.tistory.com/manage/posts/ title=블로그관리 | ohmygodit 님의 블로그
[2025-12-21 20:09:53][INFO] [HB] step='SD 이미지 생성 (kpop)' elapsed=230s tick=23 url=https://ohmygodit.tistory.com/manage/posts/ title=블로그관리 | ohmygodit 님의 블로그
[2025-12-21 20:10:03][INFO] [HB] step='SD 이미지 생성 (kpop)' elapsed=240s tick=24 url=https://ohmygodit.tistory.com/manage/posts/ title=블로그관리 | ohmygodit 님의 블로그
[2025-12-21 20:10:05][STEP] 글쓰기 입력 (kpop)
[2025-12-21 20:10:15][INFO] [HB] step='글쓰기 입력 (kpop)' elapsed=10s tick=1 url=https://ohmygodit.tistory.com/manage/newpost/?type=post&returnURL=%2Fmanage%2Fposts%2F title=글쓰기
[2025-12-21 20:10:25][INFO] [HB] step='글쓰기 입력 (kpop)' elapsed=20s tick=2 url=https://ohmygodit.tistory.com/manage/newpost/?type=post&returnURL=%2Fmanage%2Fposts%2F title=글쓰기
[2025-12-21 20:10:35][INFO] [HB] step='글쓰기 입력 (kpop)' elapsed=30s tick=3 url=https://ohmygodit.tistory.com/manage/newpost/?type=post&returnURL=%2Fmanage%2Fposts%2F title=글쓰기
[2025-12-21 20:10:45][INFO] [HB] step='글쓰기 입력 (kpop)' elapsed=40s tick=4 url=https://ohmygodit.tistory.com/manage/newpost/?type=post&returnURL=%2Fmanage%2Fposts%2F title=글쓰기
[2025-12-21 20:10:55][INFO] [HB] step='글쓰기 입력 (kpop)' elapsed=50s tick=5 url=https://ohmygodit.tistory.com/manage/newpost/?type=post&returnURL=%2Fmanage%2Fposts%2F title=글쓰기
[2025-12-21 20:11:05][INFO] [HB] step='글쓰기 입력 (kpop)' elapsed=60s tick=6 url=https://ohmygodit.tistory.com/manage/newpost/?type=post&returnURL=%2Fmanage%2Fposts%2F title=글쓰기
[2025-12-21 20:11:15][INFO] [HB] step='글쓰기 입력 (kpop)' elapsed=70s tick=7 url=https://ohmygodit.tistory.com/manage/newpost/?type=post&returnURL=%2Fmanage%2Fposts%2F title=글쓰기
[2025-12-21 20:11:26][INFO] [HB] step='글쓰기 입력 (kpop)' elapsed=80s tick=8 url=https://ohmygodit.tistory.com/manage/newpost/?type=post&returnURL=%2Fmanage%2Fposts%2F title=글쓰기
[2025-12-21 20:11:36][INFO] [HB] step='글쓰기 입력 (kpop)' elapsed=90s tick=9 url=https://ohmygodit.tistory.com/manage/newpost/?type=post&returnURL=%2Fmanage%2Fposts%2F title=글쓰기
[2025-12-21 20:11:46][INFO] [HB] step='글쓰기 입력 (kpop)' elapsed=100s tick=10 url=https://ohmygodit.tistory.com/manage/newpost/?type=post&returnURL=%2Fmanage%2Fposts%2F title=글쓰기
[2025-12-21 20:11:56][INFO] [HB] step='글쓰기 입력 (kpop)' elapsed=110s tick=11 url=https://ohmygodit.tistory.com/manage/newpost/?type=post&returnURL=%2Fmanage%2Fposts%2F title=글쓰기
[2025-12-21 20:12:06][INFO] [HB] step='글쓰기 입력 (kpop)' elapsed=120s tick=12 url=https://ohmygodit.tistory.com/manage/newpost/?type=post&returnURL=%2Fmanage%2Fposts%2F title=글쓰기
[2025-12-21 20:12:16][INFO] [HB] step='글쓰기 입력 (kpop)' elapsed=130s tick=13 url=https://ohmygodit.tistory.com/manage/newpost/?type=post&returnURL=%2Fmanage%2Fposts%2F title=글쓰기
[2025-12-21 20:12:22][STEP] 발행 처리 (kpop)
[2025-12-21 20:12:24][INFO] ✅ 완료: kpop 1건 발행
[2025-12-21 20:12:24][INFO] ===== TOPIC START: hot =====
[2025-12-21 20:12:24][STEP] RSS 수집 (hot)
[2025-12-21 20:12:25][INFO] hot: 후보 기사[1/2] = [속보]당정 "부동산 공급대책 마무리중…1월 발표 가능성" - 노컷뉴스
[2025-12-21 20:12:26][STEP] LLM 글 생성 (hot) [article 1]
[2025-12-21 20:12:36][INFO] [HB] step='LLM 글 생성 (hot) [article 1]' elapsed=10s tick=1 url=https://ohmygodit.tistory.com/manage/posts/ title=블로그관리 | ohmygodit 님의 블로그
[2025-12-21 20:12:46][INFO] [HB] step='LLM 글 생성 (hot) [article 1]' elapsed=20s tick=2 url=https://ohmygodit.tistory.com/manage/posts/ title=블로그관리 | ohmygodit 님의 블로그
[2025-12-21 20:12:56][INFO] [HB] step='LLM 글 생성 (hot) [article 1]' elapsed=30s tick=3 url=https://ohmygodit.tistory.com/manage/posts/ title=블로그관리 | ohmygodit 님의 블로그
[2025-12-21 20:12:59][INFO] hot: ✅ 선택된 기사 = [1] [속보]당정 "부동산 공급대책 마무리중…1월 발표 가능성" - 노컷뉴스
[2025-12-21 20:12:59][INFO] hot: 생성된 제목 = 당정 "부동산 공급대책 마무리중…1월 발표 가능성"
[2025-12-21 20:12:59][INFO] hot: 본문 미리보기 = ## 핵심 요약 당정은 부동산 공급대책을 마무리하기 위해 노력하고 있으며, 1월에 발표가 가능하다며 공급 대책을 강화할 것이라고 말했다.  ## 내용 정리 당정은 부동산 공급대책이 마무리되면 공급량을 줄일 수 있을 것으로 예상한다. 또한, 공급 대책을 강화하면 공급량을 줄일 수 있는 기회가 생길 수 있다.  ## 의미와 관전 포인트 당정은 부동산 공급대책이 ...
[2025-12-21 20:12:59][STEP] SD 이미지 생성 (hot)
[2025-12-21 20:13:09][INFO] [HB] step='SD 이미지 생성 (hot)' elapsed=10s tick=1 url=https://ohmygodit.tistory.com/manage/posts/ title=블로그관리 | ohmygodit 님의 블로그
[2025-12-21 20:13:19][INFO] [HB] step='SD 이미지 생성 (hot)' elapsed=20s tick=2 url=https://ohmygodit.tistory.com/manage/posts/ title=블로그관리 | ohmygodit 님의 블로그
[2025-12-21 20:13:29][INFO] [HB] step='SD 이미지 생성 (hot)' elapsed=30s tick=3 url=https://ohmygodit.tistory.com/manage/posts/ title=블로그관리 | ohmygodit 님의 블로그
[2025-12-21 20:13:39][INFO] [HB] step='SD 이미지 생성 (hot)' elapsed=40s tick=4 url=https://ohmygodit.tistory.com/manage/posts/ title=블로그관리 | ohmygodit 님의 블로그
[2025-12-21 20:13:49][INFO] [HB] step='SD 이미지 생성 (hot)' elapsed=50s tick=5 url=https://ohmygodit.tistory.com/manage/posts/ title=블로그관리 | ohmygodit 님의 블로그
[2025-12-21 20:13:59][INFO] [HB] step='SD 이미지 생성 (hot)' elapsed=60s tick=6 url=https://ohmygodit.tistory.com/manage/posts/ title=블로그관리 | ohmygodit 님의 블로그
[2025-12-21 20:14:09][INFO] [HB] step='SD 이미지 생성 (hot)' elapsed=70s tick=7 url=https://ohmygodit.tistory.com/manage/posts/ title=블로그관리 | ohmygodit 님의 블로그
[2025-12-21 20:14:19][INFO] [HB] step='SD 이미지 생성 (hot)' elapsed=80s tick=8 url=https://ohmygodit.tistory.com/manage/posts/ title=블로그관리 | ohmygodit 님의 블로그
[2025-12-21 20:14:29][INFO] [HB] step='SD 이미지 생성 (hot)' elapsed=90s tick=9 url=https://ohmygodit.tistory.com/manage/posts/ title=블로그관리 | ohmygodit 님의 블로그
[2025-12-21 20:14:39][INFO] [HB] step='SD 이미지 생성 (hot)' elapsed=100s tick=10 url=https://ohmygodit.tistory.com/manage/posts/ title=블로그관리 | ohmygodit 님의 블로그
[2025-12-21 20:14:49][INFO] [HB] step='SD 이미지 생성 (hot)' elapsed=110s tick=11 url=https://ohmygodit.tistory.com/manage/posts/ title=블로그관리 | ohmygodit 님의 블로그
[2025-12-21 20:14:59][INFO] [HB] step='SD 이미지 생성 (hot)' elapsed=120s tick=12 url=https://ohmygodit.tistory.com/manage/posts/ title=블로그관리 | ohmygodit 님의 블로그
[2025-12-21 20:15:09][INFO] [HB] step='SD 이미지 생성 (hot)' elapsed=130s tick=13 url=https://ohmygodit.tistory.com/manage/posts/ title=블로그관리 | ohmygodit 님의 블로그
[2025-12-21 20:15:19][INFO] [HB] step='SD 이미지 생성 (hot)' elapsed=140s tick=14 url=https://ohmygodit.tistory.com/manage/posts/ title=블로그관리 | ohmygodit 님의 블로그
[2025-12-21 20:15:29][INFO] [HB] step='SD 이미지 생성 (hot)' elapsed=150s tick=15 url=https://ohmygodit.tistory.com/manage/posts/ title=블로그관리 | ohmygodit 님의 블로그
[2025-12-21 20:15:39][INFO] [HB] step='SD 이미지 생성 (hot)' elapsed=160s tick=16 url=https://ohmygodit.tistory.com/manage/posts/ title=블로그관리 | ohmygodit 님의 블로그
[2025-12-21 20:15:49][INFO] [HB] step='SD 이미지 생성 (hot)' elapsed=170s tick=17 url=https://ohmygodit.tistory.com/manage/posts/ title=블로그관리 | ohmygodit 님의 블로그
[2025-12-21 20:15:59][INFO] [HB] step='SD 이미지 생성 (hot)' elapsed=180s tick=18 url=https://ohmygodit.tistory.com/manage/posts/ title=블로그관리 | ohmygodit 님의 블로그
[2025-12-21 20:16:09][INFO] [HB] step='SD 이미지 생성 (hot)' elapsed=190s tick=19 url=https://ohmygodit.tistory.com/manage/posts/ title=블로그관리 | ohmygodit 님의 블로그
[2025-12-21 20:16:19][INFO] [HB] step='SD 이미지 생성 (hot)' elapsed=200s tick=20 url=https://ohmygodit.tistory.com/manage/posts/ title=블로그관리 | ohmygodit 님의 블로그
[2025-12-21 20:16:29][INFO] [HB] step='SD 이미지 생성 (hot)' elapsed=210s tick=21 url=https://ohmygodit.tistory.com/manage/posts/ title=블로그관리 | ohmygodit 님의 블로그
[2025-12-21 20:16:39][INFO] [HB] step='SD 이미지 생성 (hot)' elapsed=220s tick=22 url=https://ohmygodit.tistory.com/manage/posts/ title=블로그관리 | ohmygodit 님의 블로그
[2025-12-21 20:16:49][INFO] [HB] step='SD 이미지 생성 (hot)' elapsed=230s tick=23 url=https://ohmygodit.tistory.com/manage/posts/ title=블로그관리 | ohmygodit 님의 블로그
[2025-12-21 20:16:59][INFO] [HB] step='SD 이미지 생성 (hot)' elapsed=240s tick=24 url=https://ohmygodit.tistory.com/manage/posts/ title=블로그관리 | ohmygodit 님의 블로그
[2025-12-21 20:17:05][STEP] 글쓰기 입력 (hot)
[2025-12-21 20:17:15][INFO] [HB] step='글쓰기 입력 (hot)' elapsed=10s tick=1 url=https://ohmygodit.tistory.com/manage/newpost/?type=post&returnURL=%2Fmanage%2Fposts%2F title=글쓰기
[2025-12-21 20:17:25][INFO] [HB] step='글쓰기 입력 (hot)' elapsed=20s tick=2 url=https://ohmygodit.tistory.com/manage/newpost/?type=post&returnURL=%2Fmanage%2Fposts%2F title=글쓰기
[2025-12-21 20:17:35][INFO] [HB] step='글쓰기 입력 (hot)' elapsed=30s tick=3 url=https://ohmygodit.tistory.com/manage/newpost/?type=post&returnURL=%2Fmanage%2Fposts%2F title=글쓰기
